...
  libc::ioctl: Inappropriate ioctl for device
...
